package gen

import "net/http"

// {{.Title}}Service encapsulates the handler interface, which holds all the methods to be called
// by the server, and middleware interface, which contains all the middlewares to be added to the service.
type {{.Title}}Service interface {
	{{.Title}}Handler
	{{.Title}}Middleware
}

// {{.Title}}Handler is the interface for the handlers. Any new endpoint added by seed will be added here as a
// new method on the interface.
type {{.Title}}Handler interface {
	Index() http.HandlerFunc
}

// {{.Title}}Middleware is the interface for all the middlewares that will be added to all of the paths.
type {{.Title}}Middleware interface {
	LoggerMw(http.Handler) http.Handler
}
